// Jest Snapshot v1, https://goo.gl/fbAQLP

exports[`RecentTasksList Rendering snapshot: panel with recent tasks 1`] = `
<div>
  <div
    class="recent-tasks-panel"
  >
    <div
      class="panel-header"
    >
      <h3>
        Recently Used (
        2
        )
      </h3>
      <button
        aria-label="Collapse"
        class="MuiButtonBase-root MuiIconButton-root MuiIconButton-sizeSmall css-1wjptj6-MuiButtonBase-root-MuiIconButton-root"
        data-mui-internal-clone-element="true"
        tabindex="0"
        type="button"
      >
        <svg
          aria-hidden="true"
          class="MuiSvgIcon-root MuiSvgIcon-fontSizeMedium css-19pfla-MuiSvgIcon-root"
          data-testid="ExpandLessIcon"
          focusable="false"
          viewBox="0 0 24 24"
        >
          <path
            d="m12 8-6 6 1.41 1.41L12 10.83l4.59 4.58L18 14z"
          />
        </svg>
      </button>
    </div>
    <div
      class="panel-content"
    >
      <div
        class="task-list-item"
      >
        <button
          aria-label="Star"
          class="MuiButtonBase-root MuiIconButton-root MuiIconButton-sizeSmall css-1wjptj6-MuiButtonBase-root-MuiIconButton-root"
          data-mui-internal-clone-element="true"
          tabindex="0"
          type="button"
        >
          <svg
            aria-hidden="true"
            class="MuiSvgIcon-root MuiSvgIcon-fontSizeMedium css-6dq5bp-MuiSvgIcon-root"
            data-testid="StarBorderIcon"
            focusable="false"
            viewBox="0 0 24 24"
          >
            <path
              d="m22 9.24-7.19-.62L12 2 9.19 8.63 2 9.24l5.46 4.73L5.82 21 12 17.27 18.18 21l-1.63-7.03zM12 15.4l-3.76 2.27 1-4.28-3.32-2.88 4.38-.38L12 6.1l1.71 4.04 4.38.38-3.32 2.88 1 4.28z"
            />
          </svg>
        </button>
        <span
          class="task-label"
        >
          test
        </span>
        <button
          aria-label="Run task"
          class="MuiButtonBase-root MuiIconButton-root MuiIconButton-sizeSmall css-1wjptj6-MuiButtonBase-root-MuiIconButton-root"
          data-mui-internal-clone-element="true"
          tabindex="0"
          type="button"
        >
          <svg
            aria-hidden="true"
            class="MuiSvgIcon-root MuiSvgIcon-fontSizeMedium css-6dq5bp-MuiSvgIcon-root"
            data-testid="PlayArrowIcon"
            focusable="false"
            viewBox="0 0 24 24"
          >
            <path
              d="M8 5v14l11-7z"
            />
          </svg>
        </button>
      </div>
      <div
        class="task-list-item"
      >
        <button
          aria-label="Star"
          class="MuiButtonBase-root MuiIconButton-root MuiIconButton-sizeSmall css-1wjptj6-MuiButtonBase-root-MuiIconButton-root"
          data-mui-internal-clone-element="true"
          tabindex="0"
          type="button"
        >
          <svg
            aria-hidden="true"
            class="MuiSvgIcon-root MuiSvgIcon-fontSizeMedium css-6dq5bp-MuiSvgIcon-root"
            data-testid="StarBorderIcon"
            focusable="false"
            viewBox="0 0 24 24"
          >
            <path
              d="m22 9.24-7.19-.62L12 2 9.19 8.63 2 9.24l5.46 4.73L5.82 21 12 17.27 18.18 21l-1.63-7.03zM12 15.4l-3.76 2.27 1-4.28-3.32-2.88 4.38-.38L12 6.1l1.71 4.04 4.38.38-3.32 2.88 1 4.28z"
            />
          </svg>
        </button>
        <span
          class="task-label"
        >
          build
        </span>
        <button
          aria-label="Run task"
          class="MuiButtonBase-root MuiIconButton-root MuiIconButton-sizeSmall css-1wjptj6-MuiButtonBase-root-MuiIconButton-root"
          data-mui-internal-clone-element="true"
          tabindex="0"
          type="button"
        >
          <svg
            aria-hidden="true"
            class="MuiSvgIcon-root MuiSvgIcon-fontSizeMedium css-6dq5bp-MuiSvgIcon-root"
            data-testid="PlayArrowIcon"
            focusable="false"
            viewBox="0 0 24 24"
          >
            <path
              d="M8 5v14l11-7z"
            />
          </svg>
        </button>
      </div>
    </div>
  </div>
</div>
`;
